[backblue.gif]
[fade.gif]
[index.html]
[flexboxfroggy.com/images/screenshot.png]
[flexboxfroggy.com/node_modules/animate.css/animate.min.css]
[flexboxfroggy.com/css/style.css]
[flexboxfroggy.com/node_modules/jquery/dist/jquery.min.js]
[cdn.firebase.com/js/client/2.4.1/firebase.js]
[flexboxfroggy.com/js/docs.js]
[flexboxfroggy.com/js/messages.js]
[www.google-analytics.com/analytics.js]
[flexboxfroggy.com/js/game.js]
[connect.facebook.net/en_US/sdk.js]
[flexboxfroggy.com/index.html]
[flexboxfroggy.com/js/levels.js]
[flexboxfroggy.com/node_modules/animate.css/animate.min.css]
[flexboxfroggy.com/images/lilypad-green.svg]
[flexboxfroggy.com/images/lilypad-red.svg]
[flexboxfroggy.com/images/lilypad-yellow.svg]
[flexboxfroggy.com/images/frog-green.svg]
[flexboxfroggy.com/images/frog-red.svg]
[flexboxfroggy.com/css/style.css]
[flexboxfroggy.com/images/frog-yellow.svg]
[flexboxfroggy.com/ABCDEFGHIJKLMNOPQRSTUVWXYZabcdefghijklmnopqrstuvwxyz0123456789+/index.html]
[flexboxfroggy.com/restserver.11.delayed]
[connect.facebook.net/en_US/sdk.js]
[flexboxfroggy.com/images/lilypad-green.svg]
[flexboxfroggy.com/images/lilypad-red.svg]
[flexboxfroggy.com/images/lilypad-yellow.svg]
[flexboxfroggy.com/images/frog-green.svg]
[flexboxfroggy.com/images/frog-red.svg]
[flexboxfroggy.com/images/frog-yellow.svg]
[flexboxfroggy.com/ABCDEFGHIJKLMNOPQRSTUVWXYZabcdefghijklmnopqrstuvwxyz0123456789+/index.html]
[flexboxfroggy.com/restserver.html]
[flexboxfroggy.com/dialog/index.html]
[flexboxfroggy.com/dialog/index.html]
[flexboxfroggy.com/%s/profile4d6d.html]
